[web.archive.org/web/20250401235146/http_/nextstagechallenge.org/index.html]
[web-static.archive.org/_static/js/bundle-playback0e4c.js]
[web-static.archive.org/_static/js/wombat9b8c.js]
[web-static.archive.org/_static/css/banner-styles3ae1.css]
[web-static.archive.org/_static/js/ruffle/ruffle.js]
[backblue.gif]
[fade.gif]
[index.html]
[web-static.archive.org/_static/css/iconochive29a7.css]
[web.archive.org/web/20250401235155im_/https_/nextstagechallenge.org/wp-content/uploads/2020/04/logo.png]
[web.archive.org/web/20250401235203cs_/https_/nextstagechallenge.org/wp-content/plugins/neos-plugins/style/plugin-neosdd1b.css]
[web.archive.org/web/20250401235205cs_/https_/nextstagechallenge.org/wp-content/themes/SpaceHackLuxembourg/assets/external_libraries/style/bootstrapdd1b.css]
[web.archive.org/web/20250401235208cs_/https_/nextstagechallenge.org/wp-includes/css/dist/block-library/style.mindd1b.css]
[web.archive.org/web/20250401235210cs_/https_/nextstagechallenge.org/wp-content/themes/SpaceHackLuxembourg/assets/external_libraries/js/all.mindd1b.js]
[web.archive.org/web/20250401235226cs_/https_/nextstagechallenge.org/wp-content/themes/SpaceHackLuxembourg/slick/slickdd1b.css]
[web.archive.org/web/20250401235228cs_/https_/nextstagechallenge.org/wp-content/themes/SpaceHackLuxembourg/slick/slick-themedd1b.css]
[web.archive.org/web/20250401235238js_/https_/nextstagechallenge.org/wp-includes/js/jquery/jqueryb8ff.js]
[web.archive.org/web/20250401235241js_/https_/nextstagechallenge.org/wp-includes/js/jquery/jquery-migrate.min330a.js]
[web.archive.org/web/20250401235243js_/https_/nextstagechallenge.org/wp-content/themes/SpaceHackLuxembourg/assets/external_libraries/tinymce/tinymce.mindd1b.js]
[web.archive.org/web/20250401235249js_/https_/nextstagechallenge.org/wp-content/themes/SpaceHackLuxembourg/assets/external_libraries/js/bootstrap.mindd1b.js]
[web.archive.org/web/20250401235210js_/https_/nextstagechallenge.org/wp-content/themes/SpaceHackLuxembourg/assets/external_libraries/js/all.mindd1b.js]
[web.archive.org/web/20250401235252js_/https_/nextstagechallenge.org/wp-content/themes/SpaceHackLuxembourg/slick/slickdd1b.js]
[web.archive.org/web/20250401235255js_/https_/nextstagechallenge.org/wp-content/themes/SpaceHackLuxembourg/assets/js/maindd1b.js]
[web.archive.org/web/20250401235258js_/https_/nextstagechallenge.org/wp-content/themes/SpaceHackLuxembourg/assets/js/setup-teamdd1b.js]
[web.archive.org/web/20250401235300js_/https_/nextstagechallenge.org/wp-content/themes/SpaceHackLuxembourg/assets/js/preregisterdd1b.js]
[web.archive.org/web/20250401235302js_/https_/nextstagechallenge.org/wp-content/themes/SpaceHackLuxembourg/assets/js/participants-cornerdd1b.js]
[web.archive.org/web/20250401235304js_/https_/nextstagechallenge.org/wp-content/themes/SpaceHackLuxembourg/assets/external_libraries/js/popperdd1b.js]
[web.archive.org/web/20250401235306js_/https_/nextstagechallenge.org/wp-content/themes/SpaceHackLuxembourg/assets/external_libraries/js/jquery-migratedd1b.js]
[web.archive.org/web/20250401235317im_/https_/nextstagechallenge.org/wp-content/uploads/2020/04/cropped-logo-32x32.png]
[web.archive.org/web/20250401235319im_/https_/nextstagechallenge.org/wp-content/uploads/2020/04/cropped-logo-192x192.png]
[web.archive.org/web/20250401235321im_/https_/nextstagechallenge.org/wp-content/uploads/2020/04/cropped-logo-180x180.png]
[web.archive.org/web/20250401235323im_/https_/nextstagechallenge.org/wp-content/themes/SpaceHackLuxembourg/img/icon_default.png]
[web.archive.org/web/20250401235325im_/https_/nextstagechallenge.org/wp-content/uploads/2020/04/Anna-of-MIH-3.jpg]
[web.archive.org/web/20250401235327im_/https_/nextstagechallenge.org/wp-content/uploads/2020/04/Claudia-of-Music-Tech-2.jpg]
[web.archive.org/web/20250401235329im_/https_/nextstagechallenge.org/wp-content/uploads/2020/04/Dino-of-MIH-2.jpg]
[web.archive.org/web/20250401235332im_/https_/nextstagechallenge.org/wp-content/uploads/2020/04/Gérome-of-LeanSquare-1.jpg]
[web.archive.org/web/20250401235335im_/https_/nextstagechallenge.org/wp-content/uploads/2020/04/Grace-of-Sthlm-Music-1.jpg]
[web.archive.org/web/20250401235337im_/https_/nextstagechallenge.org/wp-content/uploads/2020/04/Jonas-of-Music-Norway-2.jpg]
[web.archive.org/web/20250401235340im_/https_/nextstagechallenge.org/wp-content/uploads/2020/04/Karine_SACEM_II-1.jpg]
[web.archive.org/web/20250401235346im_/https_/nextstagechallenge.org/wp-content/uploads/2020/04/Olivier-of-Technoport-1.jpg]
[web.archive.org/web/20250401235349im_/https_/nextstagechallenge.org/wp-content/uploads/2020/04/Sara-of-Sthlm-Music-2.jpg]
[web.archive.org/web/20250401235351im_/https_/nextstagechallenge.org/wp-content/uploads/2020/04/jury01.png]
[web.archive.org/web/20250401235358im_/https_/nextstagechallenge.org/wp-content/uploads/2020/04/Turo-of-Teosto-2.jpg]
[web.archive.org/web/20250401235400im_/https_/nextstagechallenge.org/wp-content/uploads/2020/04/Yvan-of-TheLynk-1.jpg]
[web.archive.org/web/20250401235402im_/https_/nextstagechallenge.org/wp-content/uploads/2020/04/01-Alexandra-Jouclard-Lawyer-at-Barreau-de-Paris.png]
[web.archive.org/web/20250401235407im_/https_/nextstagechallenge.org/wp-content/uploads/2020/04/14-Bas-Grasmayer-Founder-of-MUSIC-x-TECH-x-FUTURE-.png]
[web.archive.org/web/20250401235414im_/https_/nextstagechallenge.org/wp-content/uploads/2020/04/15-Cheri-Hu-Music-Business-Journalist-and-Researcher.png]
[web.archive.org/web/20250401235419im_/https_/nextstagechallenge.org/wp-content/uploads/2020/04/04-Cormac-McGee-Coordinator-at-The-Music-Den.png]
[web.archive.org/web/20250401235428im_/https_/nextstagechallenge.org/wp-content/uploads/2020/04/16-erik-brataas-CEO-of-music-industry-investment-startup-Indie5000-1.png]
[web.archive.org/web/20250401235432im_/https_/nextstagechallenge.org/wp-content/uploads/2020/04/05-Gadi-Sassoon-artist.png]
[web.archive.org/web/20250401235435im_/https_/nextstagechallenge.org/wp-content/uploads/2020/04/09-Sabina-Barcucci-Product-Innovation-Manager.png]
[web.archive.org/web/20250401235441im_/https_/nextstagechallenge.org/wp-content/themes/SpaceHackLuxembourg/photos/param_5e96e89fdb5626.30548902_Logo_MIH_B_O.png]
[web.archive.org/web/20250401235443im_/https_/nextstagechallenge.org/wp-content/themes/SpaceHackLuxembourg/photos/param_5e96e849dd6881.57754047_thelynk_white.png]
[web.archive.org/web/20250401235446im_/https_/nextstagechallenge.org/wp-content/themes/SpaceHackLuxembourg/photos/param_5e9fd9536a03f1.49911267_logoTechnoport_BW.png]
[web.archive.org/web/20250401235448im_/https_/nextstagechallenge.org/wp-content/themes/SpaceHackLuxembourg/photos/param_5e96e870a85318.86004347_WMT20_-_Logo_L_Bl.png]
[web.archive.org/web/20250401235450im_/https_/nextstagechallenge.org/wp-content/themes/SpaceHackLuxembourg/photos/param_5e96e957c3e8f5.41933472_SACEM+SIGNATURE_FR_1L_CMJN_UK_(1).png]
[web.archive.org/web/20250401235453im_/https_/nextstagechallenge.org/wp-content/themes/SpaceHackLuxembourg/photos/param_5ea2a579225e00.39825186_Teosto-logot-RGB-white-transparent.png]
[web.archive.org/web/20250401235455im_/https_/nextstagechallenge.org/wp-content/themes/SpaceHackLuxembourg/photos/param_5e96e97c896262.84950820_MN_logo_vertical_white.png]
[web.archive.org/web/20250401235457im_/https_/nextstagechallenge.org/wp-content/themes/SpaceHackLuxembourg/photos/param_5e9d3aae0bd659.89458600_Copy_of_MUSIC_ALLY_NEW_LOGO_2020.png]
[web.archive.org/web/20250401235500im_/https_/nextstagechallenge.org/wp-content/themes/SpaceHackLuxembourg/photos/param_5e9d3c03af5ab0.84985148_SMC.png]
[web.archive.org/web/20250401235503im_/https_/nextstagechallenge.org/wp-content/themes/SpaceHackLuxembourg/photos/param_5e9f16d1dad7f6.89974888_Music_Tech_Hub.png]
[web.archive.org/web/20250401235506im_/https_/nextstagechallenge.org/wp-content/themes/SpaceHackLuxembourg/photos/param_5e9f194855b0f5.47476617_IMF_logo.png]
[web.archive.org/web/20250401235510im_/https_/nextstagechallenge.org/wp-content/themes/SpaceHackLuxembourg/photos/param_5e9f1dba801828.05713344_Jump2.png]
[web.archive.org/web/20250401235513im_/https_/nextstagechallenge.org/wp-content/themes/SpaceHackLuxembourg/photos/param_5e9f198b36e661.07439522_MUSIC-TECH-FRANCE-LOGO.png]
[web.archive.org/web/20250401235516im_/https_/nextstagechallenge.org/wp-content/themes/SpaceHackLuxembourg/photos/param_5ea2a594999a69.49352112_amw_logo_white_transparent.png]
[web.archive.org/web/20250401235519im_/https_/nextstagechallenge.org/wp-content/themes/SpaceHackLuxembourg/photos/param_5e9f1dc4778298.62641299_Hemi.png]
[web.archive.org/web/20250401235521im_/https_/nextstagechallenge.org/wp-content/themes/SpaceHackLuxembourg/photos/param_5e9f1a5132b304.99912459_BIZLAB_LOGO_H-white.png]
[web.archive.org/web/20250401235523im_/https_/nextstagechallenge.org/wp-content/themes/SpaceHackLuxembourg/photos/param_5e9f1a869390e2.91341777_MusicDenBrandmarkRGB_RedWhite.png]
[web.archive.org/web/20250401235525im_/https_/nextstagechallenge.org/wp-content/themes/SpaceHackLuxembourg/photos/param_5e9f1ac7ac25d3.42911075_logo_ardentes.jpg]
[web.archive.org/web/20250401235527im_/https_/nextstagechallenge.org/wp-content/themes/SpaceHackLuxembourg/photos/param_5e9f1b2c044ec7.44884618_LeanSquare.png]
[web.archive.org/web/20250401235530im_/https_/nextstagechallenge.org/wp-content/themes/SpaceHackLuxembourg/photos/param_5e9f1b6fea7417.25801112_logo-court-circuit-2018-typo_blanc_(1).png]
[web.archive.org/web/20250401235532im_/https_/nextstagechallenge.org/wp-content/themes/SpaceHackLuxembourg/photos/param_5e9f1db0edeaa0.28085070_Liveurope2.png]
[web.archive.org/web/20250401235535im_/https_/nextstagechallenge.org/wp-content/themes/SpaceHackLuxembourg/photos/param_5e9f1bc048a797.97470544_mediatech-logo-e1557850053277.png]
[web.archive.org/web/20250401235537im_/https_/nextstagechallenge.org/wp-content/themes/SpaceHackLuxembourg/photos/param_5e9f1be8ac6961.28541942_2112_Logo_1.jpg]
[web.archive.org/web/20250401235539im_/https_/nextstagechallenge.org/wp-content/themes/SpaceHackLuxembourg/photos/param_5e9f1c141e39f1.64511829_logo-blanco.png]
[web.archive.org/web/20250401235542im_/https_/nextstagechallenge.org/wp-content/themes/SpaceHackLuxembourg/photos/param_5eb12d85723fb4.51794803_Fichier_1.png]
[web.archive.org/web/20250401235543im_/https_/nextstagechallenge.org/wp-content/themes/SpaceHackLuxembourg/photos/param_5ece020cceb799.49969347_Arteprenör@2x.png]
[web.archive.org/web/20250401235545im_/https_/nextstagechallenge.org/wp-content/themes/SpaceHackLuxembourg/photos/param_5ece021d9c88c3.71561261_FSP_logo_150pix_wide.jpg]
[web.archive.org/web/20250401235146/http_/nextstagechallenge.org/index.html]
[web-static.archive.org/_static/css/banner-styles3ae1.css]
[web-static.archive.org/_static/css/iconochive29a7.css]
[web.archive.org/web/20250401235203cs_/https_/nextstagechallenge.org/wp-content/plugins/neos-plugins/style/plugin-neosdd1b.css]
[web.archive.org/web/20250401235205cs_/https_/nextstagechallenge.org/wp-content/themes/SpaceHackLuxembourg/assets/external_libraries/style/bootstrapdd1b.css]
[web.archive.org/web/20250401235208cs_/https_/nextstagechallenge.org/wp-includes/css/dist/block-library/style.mindd1b.css]
[web.archive.org/web/20250401235226cs_/https_/nextstagechallenge.org/wp-content/themes/SpaceHackLuxembourg/slick/slickdd1b.css]
[web.archive.org/web/20210110090813im_/https_/nextstagechallenge.org/wp-content/themes/SpaceHackLuxembourg/slick/ajax-loader.gif]
[web.archive.org/web/20250401235228cs_/https_/nextstagechallenge.org/wp-content/themes/SpaceHackLuxembourg/slick/slick-themedd1b.css]
